{
  "actions": [
    "defocus",
    "resolution"
  ],
  "adjacent_transitions": [
    "1.00_to_0.75",
    "0.75_to_0.50",
    "0.50_to_0.25",
    "0.25_to_0.00"
  ],
  "bf16": true,
  "condition_gradient_sums": {
    "action_embedding": 0.0011008245637640357,
    "delta_conditioner": 0.8594712403137237,
    "severity_conditioner": 0.34196476242505014
  },
  "delta": -0.25,
  "gpu_steps": 3,
  "image_shape": [
    8,
    3,
    256,
    256
  ],
  "images_persisted": false,
  "losses": [
    0.10447695106267929,
    0.505232036113739,
    0.30161136388778687
  ],
  "maximum_constructed_endpoint_error": 2.384185791015625e-07,
  "passed": true,
  "peak_gpu_memory_gib": 1.906865119934082,
  "pretrained_weight_loading_forbidden": true,
  "protected_b0_ijepa_unchanged": true,
  "samples_per_second": 0.526560028049272,
  "seconds": 45.578848985009245,
  "smoke_decoded_splits": [
    "unlabeled_ssl_source"
  ],
  "ssl_source_records": 7901,
  "teacher_stopgradient_and_ema_verified": true,
  "test_images_decoded_by_smoke": false,
  "token_shape": [
    8,
    64,
    768
  ],
  "validation_images_decoded_by_smoke": false,
  "velocity_shape": [
    8,
    64,
    768
  ]
}
