{
  "actions": [
    "defocus",
    "resolution"
  ],
  "adjacent_transitions": [
    "1.00_to_0.75",
    "0.75_to_0.50",
    "0.50_to_0.25",
    "0.25_to_0.00"
  ],
  "bf16": true,
  "gpu_steps": 3,
  "image_shape": [
    8,
    3,
    256,
    256
  ],
  "images_persisted": false,
  "implementation_unchanged": true,
  "passed": true,
  "peak_gpu_memory_gib": 1.9273571968078613,
  "protected_references_unchanged": true,
  "samples_per_second": 2.868866025285685,
  "seconds": 8.365674725995632,
  "smoke_decoded_splits": [
    "unlabeled_ssl_source"
  ],
  "ssl_source_records": 7901,
  "student_and_predictor_gradients_verified": true,
  "student_input_to_predictor_unchanged": true,
  "teacher_stopgradient_and_ema_verified": true,
  "teacher_target_dtype": "float32",
  "teacher_target_layer_norm": "F.layer_norm(raw_teacher_tokens.float(), (raw_teacher_tokens.shape[-1],))",
  "teacher_target_mean_abs_max": 2.4835269840650653e-08,
  "teacher_target_shape": [
    8,
    64,
    768
  ],
  "teacher_target_variance_mean": 0.9999898870786031,
  "test_images_decoded_by_smoke": false,
  "total_losses": [
    0.6115909814834595,
    0.5114607810974121,
    0.4487271308898926
  ],
  "validation_images_decoded_by_smoke": false
}
