Traceback (most recent call last):
  File "/raid1/xwan0900/SSL_proj/scripts/run_b0_duration_pilot.py", line 24, in <module>
    main()
    ~~~~^^
  File "/raid1/xwan0900/SSL_proj/scripts/run_b0_duration_pilot.py", line 20, in main
    print(json.dumps(run_pretraining(config), indent=2, sort_keys=True))
                     ~~~~~~~~~~~~~~~^^^^^^^^
  File "/raid1/xwan0900/SSL_proj/src/pannuke_ssl/training.py", line 214, in run_pretraining
    baseline = monitor.evaluate(student, epoch=0)
  File "/raid1/xwan0900/SSL_proj/src/pannuke_ssl/monitor.py", line 158, in evaluate
    train_features, train_labels = self._features(encoder, "train")
                                   ~~~~~~~~~~~~~~^^^^^^^^^^^^^^^^^^
  File "/raid1/xwan0900/SSL_proj/src/pannuke_ssl/monitor.py", line 150, in _features
    tokens = encoder(images)
  File "/raid1/xwan0900/venvs/ftkp_cu128/lib/python3.13/site-packages/torch/nn/modules/module.py", line 1779, in _wrapped_call_impl
    return self._call_impl(*args, **kwargs)
           ~~~~~~~~~~~~~~~^^^^^^^^^^^^^^^^^
  File "/raid1/xwan0900/venvs/ftkp_cu128/lib/python3.13/site-packages/torch/nn/modules/module.py", line 1790, in _call_impl
    return forward_call(*args, **kwargs)
  File "/raid1/xwan0900/SSL_proj/src/pannuke_ssl/models.py", line 41, in forward
    output = self.model(pixel_values=normalize_clip(images), return_dict=True)
  File "/raid1/xwan0900/venvs/ftkp_cu128/lib/python3.13/site-packages/torch/nn/modules/module.py", line 1779, in _wrapped_call_impl
    return self._call_impl(*args, **kwargs)
           ~~~~~~~~~~~~~~~^^^^^^^^^^^^^^^^^
  File "/raid1/xwan0900/venvs/ftkp_cu128/lib/python3.13/site-packages/torch/nn/modules/module.py", line 1790, in _call_impl
    return forward_call(*args, **kwargs)
  File "/raid1/xwan0900/conda_envs/env1/lib/python3.13/site-packages/transformers/models/clip/modeling_clip.py", line 1170, in forward
    return self.vision_model(
           ~~~~~~~~~~~~~~~~~^
        pixel_values=pixel_values,
        ^^^^^^^^^^^^^^^^^^^^^^^^^^
    ...<3 lines>...
        interpolate_pos_encoding=interpolate_pos_encoding,
        ^^^^^^^^^^^^^^^^^^^^^^^^^^^^^^^^^^^^^^^^^^^^^^^^^^
    )
    ^
  File "/raid1/xwan0900/venvs/ftkp_cu128/lib/python3.13/site-packages/torch/nn/modules/module.py", line 1779, in _wrapped_call_impl
    return self._call_impl(*args, **kwargs)
           ~~~~~~~~~~~~~~~^^^^^^^^^^^^^^^^^
  File "/raid1/xwan0900/venvs/ftkp_cu128/lib/python3.13/site-packages/torch/nn/modules/module.py", line 1790, in _call_impl
    return forward_call(*args, **kwargs)
  File "/raid1/xwan0900/conda_envs/env1/lib/python3.13/site-packages/transformers/models/clip/modeling_clip.py", line 1096, in forward
    encoder_outputs = self.encoder(
        inputs_embeds=hidden_states,
    ...<2 lines>...
        return_dict=return_dict,
    )
  File "/raid1/xwan0900/venvs/ftkp_cu128/lib/python3.13/site-packages/torch/nn/modules/module.py", line 1779, in _wrapped_call_impl
    return self._call_impl(*args, **kwargs)
           ~~~~~~~~~~~~~~~^^^^^^^^^^^^^^^^^
  File "/raid1/xwan0900/venvs/ftkp_cu128/lib/python3.13/site-packages/torch/nn/modules/module.py", line 1790, in _call_impl
    return forward_call(*args, **kwargs)
  File "/raid1/xwan0900/conda_envs/env1/lib/python3.13/site-packages/transformers/models/clip/modeling_clip.py", line 876, in forward
    layer_outputs = encoder_layer(
        hidden_states,
    ...<2 lines>...
        output_attentions=output_attentions,
    )
  File "/raid1/xwan0900/venvs/ftkp_cu128/lib/python3.13/site-packages/torch/nn/modules/module.py", line 1779, in _wrapped_call_impl
    return self._call_impl(*args, **kwargs)
           ~~~~~~~~~~~~~~~^^^^^^^^^^^^^^^^^
  File "/raid1/xwan0900/venvs/ftkp_cu128/lib/python3.13/site-packages/torch/nn/modules/module.py", line 1790, in _call_impl
    return forward_call(*args, **kwargs)
  File "/raid1/xwan0900/conda_envs/env1/lib/python3.13/site-packages/transformers/models/clip/modeling_clip.py", line 617, in forward
    hidden_states = self.mlp(hidden_states)
  File "/raid1/xwan0900/venvs/ftkp_cu128/lib/python3.13/site-packages/torch/nn/modules/module.py", line 1779, in _wrapped_call_impl
    return self._call_impl(*args, **kwargs)
           ~~~~~~~~~~~~~~~^^^^^^^^^^^^^^^^^
  File "/raid1/xwan0900/venvs/ftkp_cu128/lib/python3.13/site-packages/torch/nn/modules/module.py", line 1790, in _call_impl
    return forward_call(*args, **kwargs)
  File "/raid1/xwan0900/conda_envs/env1/lib/python3.13/site-packages/transformers/models/clip/modeling_clip.py", line 573, in forward
    hidden_states = self.activation_fn(hidden_states)
  File "/raid1/xwan0900/venvs/ftkp_cu128/lib/python3.13/site-packages/torch/nn/modules/module.py", line 1779, in _wrapped_call_impl
    return self._call_impl(*args, **kwargs)
           ~~~~~~~~~~~~~~~^^^^^^^^^^^^^^^^^
  File "/raid1/xwan0900/venvs/ftkp_cu128/lib/python3.13/site-packages/torch/nn/modules/module.py", line 1790, in _call_impl
    return forward_call(*args, **kwargs)
  File "/raid1/xwan0900/conda_envs/env1/lib/python3.13/site-packages/transformers/activations.py", line 96, in forward
    return input * torch.sigmoid(1.702 * input)
                   ~~~~~~~~~~~~~^^^^^^^^^^^^^^^
torch.OutOfMemoryError: CUDA out of memory. Tried to allocate 98.00 MiB. GPU 0 has a total capacity of 94.97 GiB of which 75.62 MiB is free. Process 2455329 has 36.51 GiB memory in use. Including non-PyTorch memory, this process has 58.30 GiB memory in use. Of the allocated memory 56.66 GiB is allocated by PyTorch, and 1022.47 MiB is reserved by PyTorch but unallocated. If reserved but unallocated memory is large try setting PYTORCH_CUDA_ALLOC_CONF=expandable_segments:True to avoid fragmentation.  See documentation for Memory Management  (https://docs.pytorch.org/docs/stable/notes/cuda.html#optimizing-memory-usage-with-pytorch-cuda-alloc-conf)
